------------------------------------------------------------
Timing Analyzer Summary
------------------------------------------------------------

Type  : Slow 1200mV 85C Model Setup 'clock'
Slack : -4.268
TNS   : -94.876

Type  : Slow 1200mV 85C Model Setup 'counter:mincounter|q[0]'
Slack : -1.173
TNS   : -4.851

Type  : Slow 1200mV 85C Model Setup 'clockdivider:clkdiv|clk_1Hz'
Slack : -1.041
TNS   : -4.535

Type  : Slow 1200mV 85C Model Setup 'counter:seccounter|q[0]'
Slack : -1.033
TNS   : -4.866

Type  : Slow 1200mV 85C Model Hold 'counter:seccounter|q[0]'
Slack : 0.421
TNS   : 0.000

Type  : Slow 1200mV 85C Model Hold 'clockdivider:clkdiv|clk_1Hz'
Slack : 0.444
TNS   : 0.000

Type  : Slow 1200mV 85C Model Hold 'counter:mincounter|q[0]'
Slack : 0.477
TNS   : 0.000

Type  : Slow 1200mV 85C Model Hold 'clock'
Slack : 0.646
TNS   : 0.000

Type  : Slow 1200mV 85C Model Recovery 'counter:seccounter|q[0]'
Slack : -4.043
TNS   : -24.254

Type  : Slow 1200mV 85C Model Recovery 'clockdivider:clkdiv|clk_1Hz'
Slack : -1.755
TNS   : -10.530

Type  : Slow 1200mV 85C Model Removal 'clockdivider:clkdiv|clk_1Hz'
Slack : 0.860
TNS   : 0.000

Type  : Slow 1200mV 85C Model Removal 'counter:seccounter|q[0]'
Slack : 0.984
TNS   : 0.000

Type  : Slow 1200mV 85C Model Minimum Pulse Width 'clock'
Slack : -3.000
TNS   : -73.150

Type  : Slow 1200mV 85C Model Minimum Pulse Width 'clockdivider:clkdiv|clk_1Hz'
Slack : -1.403
TNS   : -8.418

Type  : Slow 1200mV 85C Model Minimum Pulse Width 'counter:mincounter|q[0]'
Slack : -1.403
TNS   : -8.418

Type  : Slow 1200mV 85C Model Minimum Pulse Width 'counter:seccounter|q[0]'
Slack : -1.403
TNS   : -8.418

Type  : Slow 1200mV 0C Model Setup 'clock'
Slack : -3.896
TNS   : -83.119

Type  : Slow 1200mV 0C Model Setup 'counter:mincounter|q[0]'
Slack : -0.967
TNS   : -3.880

Type  : Slow 1200mV 0C Model Setup 'clockdivider:clkdiv|clk_1Hz'
Slack : -0.854
TNS   : -3.643

Type  : Slow 1200mV 0C Model Setup 'counter:seccounter|q[0]'
Slack : -0.841
TNS   : -3.905

Type  : Slow 1200mV 0C Model Hold 'counter:seccounter|q[0]'
Slack : 0.290
TNS   : 0.000

Type  : Slow 1200mV 0C Model Hold 'clockdivider:clkdiv|clk_1Hz'
Slack : 0.376
TNS   : 0.000

Type  : Slow 1200mV 0C Model Hold 'counter:mincounter|q[0]'
Slack : 0.437
TNS   : 0.000

Type  : Slow 1200mV 0C Model Hold 'clock'
Slack : 0.598
TNS   : 0.000

Type  : Slow 1200mV 0C Model Recovery 'counter:seccounter|q[0]'
Slack : -3.678
TNS   : -22.064

Type  : Slow 1200mV 0C Model Recovery 'clockdivider:clkdiv|clk_1Hz'
Slack : -1.535
TNS   : -9.210

Type  : Slow 1200mV 0C Model Removal 'clockdivider:clkdiv|clk_1Hz'
Slack : 0.760
TNS   : 0.000

Type  : Slow 1200mV 0C Model Removal 'counter:seccounter|q[0]'
Slack : 0.928
TNS   : 0.000

Type  : Slow 1200mV 0C Model Minimum Pulse Width 'clock'
Slack : -3.000
TNS   : -73.150

Type  : Slow 1200mV 0C Model Minimum Pulse Width 'clockdivider:clkdiv|clk_1Hz'
Slack : -1.403
TNS   : -8.418

Type  : Slow 1200mV 0C Model Minimum Pulse Width 'counter:mincounter|q[0]'
Slack : -1.403
TNS   : -8.418

Type  : Slow 1200mV 0C Model Minimum Pulse Width 'counter:seccounter|q[0]'
Slack : -1.403
TNS   : -8.418

Type  : Fast 1200mV 0C Model Setup 'clock'
Slack : -1.374
TNS   : -14.680

Type  : Fast 1200mV 0C Model Setup 'counter:seccounter|q[0]'
Slack : -0.083
TNS   : -0.167

Type  : Fast 1200mV 0C Model Setup 'clockdivider:clkdiv|clk_1Hz'
Slack : -0.070
TNS   : -0.104

Type  : Fast 1200mV 0C Model Setup 'counter:mincounter|q[0]'
Slack : 0.123
TNS   : 0.000

Type  : Fast 1200mV 0C Model Hold 'clockdivider:clkdiv|clk_1Hz'
Slack : 0.158
TNS   : 0.000

Type  : Fast 1200mV 0C Model Hold 'counter:mincounter|q[0]'
Slack : 0.196
TNS   : 0.000

Type  : Fast 1200mV 0C Model Hold 'counter:seccounter|q[0]'
Slack : 0.204
TNS   : 0.000

Type  : Fast 1200mV 0C Model Hold 'clock'
Slack : 0.250
TNS   : 0.000

Type  : Fast 1200mV 0C Model Recovery 'counter:seccounter|q[0]'
Slack : -1.252
TNS   : -7.510

Type  : Fast 1200mV 0C Model Recovery 'clockdivider:clkdiv|clk_1Hz'
Slack : -0.180
TNS   : -1.077

Type  : Fast 1200mV 0C Model Removal 'clockdivider:clkdiv|clk_1Hz'
Slack : 0.370
TNS   : 0.000

Type  : Fast 1200mV 0C Model Removal 'counter:seccounter|q[0]'
Slack : 0.385
TNS   : 0.000

Type  : Fast 1200mV 0C Model Minimum Pulse Width 'clock'
Slack : -3.000
TNS   : -54.745

Type  : Fast 1200mV 0C Model Minimum Pulse Width 'clockdivider:clkdiv|clk_1Hz'
Slack : -1.000
TNS   : -6.000

Type  : Fast 1200mV 0C Model Minimum Pulse Width 'counter:mincounter|q[0]'
Slack : -1.000
TNS   : -6.000

Type  : Fast 1200mV 0C Model Minimum Pulse Width 'counter:seccounter|q[0]'
Slack : -1.000
TNS   : -6.000

------------------------------------------------------------
